// Jest Snapshot v1, https://goo.gl/fbAQLP

exports[`Item test suite should render properly & press item 1`] = `
<ForwardRef
  onPress={[Function]}
  style={
    Object {
      "alignItems": "center",
      "backgroundColor": "#757575",
      "borderBottomColor": "#bdbdbd",
      "borderBottomWidth": 0.5,
      "flexDirection": "row",
    }
  }
  testID="itemTouchable-73"
>
  <Status
    item={
      Object {
        "_id": 73,
        "dataSent": "dataSent",
        "endTime": 1613477575757,
        "method": "GET",
        "readyState": 4,
        "response": "response",
        "responseContentType": "application/json",
        "responseSize": 0,
        "responseType": "blob",
        "responseURL": "https://run.mocky.io/v3/1a2d092a-42b2-4a89-a44f-267935dc13e9",
        "startTime": 1613477574742,
        "status": 200,
        "timeout": 0,
        "type": "RNR",
        "url": "https://run.mocky.io/v3/1a2d092a-42b2-4a89-a44f-267935dc13e9",
      }
    }
  />
  <Component
    style={
      Object {
        "flex": 1,
        "paddingRight": 8,
      }
    }
  >
    <Component
      style={
        Object {
          "flexDirection": "row",
          "justifyContent": "space-between",
        }
      }
    >
      <Component
        numberOfLines={1}
        style={
          Object {
            "color": "white",
            "fontWeight": "bold",
            "paddingLeft": 16,
          }
        }
      >
        run.mocky.io
      </Component>
      <Component
        style={
          Object {
            "color": "white",
          }
        }
      >
        12:12:54
      </Component>
    </Component>
    <Component
      numberOfLines={1}
      style={
        Object {
          "color": "white",
          "paddingLeft": 16,
        }
      }
    >
      /v3/1a2d092a-42b2-4a89-a44f-267935dc13e9
    </Component>
  </Component>
</ForwardRef>
`;

exports[`Item test suite should render properly 1`] = `
<ForwardRef
  onPress={[Function]}
  style={
    Object {
      "alignItems": "center",
      "backgroundColor": "#757575",
      "borderBottomColor": "#bdbdbd",
      "borderBottomWidth": 0.5,
      "flexDirection": "row",
    }
  }
  testID="itemTouchable-73"
>
  <Status
    item={
      Object {
        "_id": 73,
        "dataSent": "dataSent",
        "endTime": 1613477575757,
        "method": "GET",
        "readyState": 4,
        "response": "response",
        "responseContentType": "application/json",
        "responseSize": 0,
        "responseType": "blob",
        "responseURL": "https://run.mocky.io/v3/1a2d092a-42b2-4a89-a44f-267935dc13e9",
        "startTime": 1613477574742,
        "status": 200,
        "timeout": 0,
        "type": "RNR",
        "url": "https://run.mocky.io/v3/1a2d092a-42b2-4a89-a44f-267935dc13e9",
      }
    }
  />
  <Component
    style={
      Object {
        "flex": 1,
        "paddingRight": 8,
      }
    }
  >
    <Component
      style={
        Object {
          "flexDirection": "row",
          "justifyContent": "space-between",
        }
      }
    >
      <Component
        numberOfLines={1}
        style={
          Object {
            "color": "white",
            "fontWeight": "bold",
            "paddingLeft": 16,
          }
        }
      >
        run.mocky.io
      </Component>
      <Component
        style={
          Object {
            "color": "white",
          }
        }
      >
        12:12:54
      </Component>
    </Component>
    <Component
      numberOfLines={1}
      style={
        Object {
          "color": "white",
          "paddingLeft": 16,
        }
      }
    >
      /v3/1a2d092a-42b2-4a89-a44f-267935dc13e9
    </Component>
  </Component>
</ForwardRef>
`;
